{"level":"info","message":"🚀 Server running on port 3001","service":"bus-management-api","timestamp":"2025-12-07 09:00:26"}
{"level":"info","message":"📡 WebSocket server ready","service":"bus-management-api","timestamp":"2025-12-07 09:00:26"}
{"level":"info","message":"🌍 Environment: development","service":"bus-management-api","timestamp":"2025-12-07 09:00:26"}
{"level":"info","message":"🔒 Security: httpOnly cookies, input sanitization, rate limiting enabled","service":"bus-management-api","timestamp":"2025-12-07 09:00:26"}
{"level":"info","message":"⏰ Scheduler temporarily disabled (Prisma migration pending)","service":"bus-management-api","timestamp":"2025-12-07 09:00:26"}
{"level":"info","message":"📨 Queue processor temporarily disabled (Prisma migration pending)","service":"bus-management-api","timestamp":"2025-12-07 09:00:26"}
{"level":"info","message":"🚀 Server running on port 3001","service":"bus-management-api","timestamp":"2025-12-07 12:59:07"}
{"level":"info","message":"📡 WebSocket server ready","service":"bus-management-api","timestamp":"2025-12-07 12:59:07"}
{"level":"info","message":"🌍 Environment: development","service":"bus-management-api","timestamp":"2025-12-07 12:59:07"}
{"level":"info","message":"🔒 Security: httpOnly cookies, input sanitization, rate limiting enabled","service":"bus-management-api","timestamp":"2025-12-07 12:59:07"}
{"level":"info","message":"⏰ Scheduler temporarily disabled (Prisma migration pending)","service":"bus-management-api","timestamp":"2025-12-07 12:59:07"}
{"level":"info","message":"📨 Queue processor temporarily disabled (Prisma migration pending)","service":"bus-management-api","timestamp":"2025-12-07 12:59:07"}
{"level":"info","message":"🚀 Server running on port 3001","service":"bus-management-api","timestamp":"2025-12-07 14:35:12"}
{"level":"info","message":"📡 WebSocket server ready","service":"bus-management-api","timestamp":"2025-12-07 14:35:12"}
{"level":"info","message":"🌍 Environment: development","service":"bus-management-api","timestamp":"2025-12-07 14:35:12"}
{"level":"info","message":"🔒 Security: httpOnly cookies, input sanitization, rate limiting enabled","service":"bus-management-api","timestamp":"2025-12-07 14:35:12"}
{"level":"info","message":"⏰ Scheduler temporarily disabled (Prisma migration pending)","service":"bus-management-api","timestamp":"2025-12-07 14:35:12"}
{"level":"info","message":"📨 Queue processor temporarily disabled (Prisma migration pending)","service":"bus-management-api","timestamp":"2025-12-07 14:35:12"}
{"level":"info","message":"🚀 Server running on port 3001","service":"bus-management-api","timestamp":"2025-12-07 18:49:11"}
{"level":"info","message":"📡 WebSocket server ready","service":"bus-management-api","timestamp":"2025-12-07 18:49:11"}
{"level":"info","message":"🌍 Environment: development","service":"bus-management-api","timestamp":"2025-12-07 18:49:11"}
{"level":"info","message":"🔒 Security: httpOnly cookies, input sanitization, rate limiting enabled","service":"bus-management-api","timestamp":"2025-12-07 18:49:11"}
{"level":"info","message":"⏰ Scheduler temporarily disabled (Prisma migration pending)","service":"bus-management-api","timestamp":"2025-12-07 18:49:11"}
{"level":"info","message":"📨 Queue processor temporarily disabled (Prisma migration pending)","service":"bus-management-api","timestamp":"2025-12-07 18:49:11"}
